
> launchpact-ai@1.0.0 build
> tsc && vite build

[36mvite v5.4.21 [32mbuilding for production...[36m[39m
transforming...
[32mΓ£ô[39m 3 modules transformed.
node.exe : [31mx[39m Build failed 
in 1.45s
At line:1 char:1
+ & "C:\Program 
Files\nodejs/node.exe" "C:\Program 
Files\nodejs/node_mo ...
+ ~~~~~~~~~~~~~~~~~~~~~~~~~~~~~~~~~~~~
~~~~~~~~~~~~~~~~~~~~~~~~~~~~~~~~~
    + CategoryInfo          : NotSpec 
   ified: ([31mx[39m Build failed   
  in 1.45s:String) [], RemoteExcept   
 ion
    + FullyQualifiedErrorId : NativeC 
   ommandError
 
[31merror during build:
[31m[vite:css] [postcss] C:/Users/HS 
Computers/Documents/co 
founder/index.css:315:5: The 
`shadow-[0_8px_40px_-12px_rgba(0,` 
class does not exist. If 
`shadow-[0_8px_40px_-12px_rgba(0,` is 
a custom class, make sure it is 
defined within a `@layer` 
directive.[31m
file: [36mC:/Users/HS 
Computers/Documents/co 
founder/index.css:315:4[31m
    at Input.error (C:\Users\HS 
Computers\Documents\co founder\node_mo
dules\postcss\lib\input.js:135:16)
    at AtRule.error (C:\Users\HS 
Computers\Documents\co founder\node_mo
dules\postcss\lib\node.js:146:32)
    at processApply (C:\Users\HS 
Computers\Documents\co founder\node_mo
dules\tailwindcss\lib\lib\expandApplyA
tRules.js:380:29)
    at C:\Users\HS 
Computers\Documents\co founder\node_mo
dules\tailwindcss\lib\lib\expandApplyA
tRules.js:551:9
    at C:\Users\HS 
Computers\Documents\co founder\node_mo
dules\tailwindcss\lib\processTailwindF
eatures.js:55:50
    at async plugins (C:\Users\HS 
Computers\Documents\co founder\node_mo
dules\tailwindcss\lib\plugin.js:38:17)
    at async LazyResult.runAsync 
(C:\Users\HS Computers\Documents\co fo
under\node_modules\postcss\lib\lazy-re
sult.js:293:11)
    at async compileCSS (file:///C:/Us
ers/HS%20Computers/Documents/co%20foun
der/node_modules/vite/dist/node/chunks
/dep-BK3b2jBa.js:36898:21)
    at async Object.transform (file://
/C:/Users/HS%20Computers/Documents/co%
20founder/node_modules/vite/dist/node/
chunks/dep-BK3b2jBa.js:36171:11)
    at async transform (file:///C:/Use
rs/HS%20Computers/Documents/co%20found
er/node_modules/rollup/dist/es/shared/
node-entry.js:21234:16)[39m
